test_malformed_family_and_missing_map_fail_closed (test_activation_accounting.FamilyAndScope) ... ok
test_missing_integrity_result_and_unexpected_result_block (test_activation_accounting.FamilyAndScope) ... ok
test_transform_is_exact_decoded_content_and_rejects_wrong_root_truncation_late_and_auxiliary (test_activation_accounting.FamilyAndScope) ... ok
test_all_broken_probes_keep_local_failure_and_only_outer_integrity_passes (test_activation_accounting.RealActivationPath) ... ok
test_canary_without_tools_and_burden_without_delegate_use_real_runtime (test_activation_accounting.RealActivationPath) ... FAIL
test_known_good_each_declared_root_and_honestly_labelled_injection (test_activation_accounting.RealActivationPath) ... 
======================================================================
FAIL: test_canary_without_tools_and_burden_without_delegate_use_real_runtime (test_activation_accounting.RealActivationPath)
----------------------------------------------------------------------
Traceback (most recent call last):
  File "/home/samjin/agent-skills/scientific-software-development-protocol/qualification/ssdp70/eval/test_activation_accounting.py", line 143, in test_canary_without_tools_and_burden_without_delegate_use_real_runtime
    self.assertEqual(summary['evidence_state'], 'COMPLETE_ADMISSIBLE', summary.get('evidence_state_reasons'))
AssertionError: 'EXECUTION_ERROR' != 'COMPLETE_ADMISSIBLE'
- EXECUTION_ERROR
+ COMPLETE_ADMISSIBLE
 : ['adapter refused during realize_containment before subject launch', 'AdapterError: OMP profile is not admissible for realization: native_tools does not begin with the reviewed builtin tool surface']

======================================================================
FAIL: test_known_good_each_declared_root_and_honestly_labelled_injection (test_activation_accounting.RealActivationPath) (root='repository-hygiene')
----------------------------------------------------------------------
Traceback (most recent call last):
  File "/home/samjin/agent-skills/scientific-software-development-protocol/qualification/ssdp70/eval/test_activation_accounting.py", line 114, in test_known_good_each_declared_root_and_honestly_labelled_injection
    self.assertEqual(summary['evidence_state'],'COMPLETE_ADMISSIBLE', summary.get('evidence_state_reasons'))
AssertionError: 'INADMISSIBLE' != 'COMPLETE_ADMISSIBLE'
- INADMISSIBLE
+ COMPLETE_ADMISSIBLE
 : ['request 0: the prompt the model received differs from the harness-authored prompt', 'deterministic activation failed', 'deterministic activation failed, including termination before request 0']

----------------------------------------------------------------------
Ran 6 tests in 205.439s

FAILED (failures=2)
