test_canary_without_tools_and_burden_without_delegate_use_real_runtime (test_activation_accounting.RealActivationPath) ... ERROR

======================================================================
ERROR: test_canary_without_tools_and_burden_without_delegate_use_real_runtime (test_activation_accounting.RealActivationPath)
----------------------------------------------------------------------
Traceback (most recent call last):
  File "/home/samjin/agent-skills/scientific-software-development-protocol/qualification/ssdp70/eval/test_activation_accounting.py", line 142, in test_canary_without_tools_and_burden_without_delegate_use_real_runtime
    summary, aggregate, identity, rig = self.realize(canary=True)
  File "/home/samjin/agent-skills/scientific-software-development-protocol/qualification/ssdp70/eval/test_activation_accounting.py", line 95, in realize
    summary = rig.run(scenario or {'steps':[{'text':'CANARY-DEVELOPMENT'}]})
  File "/home/samjin/agent-skills/scientific-software-development-protocol/qualification/ssdp70/eval/omp_rig.py", line 155, in run
    server, _state = stand_in_provider.serve(
  File "/home/samjin/agent-skills/scientific-software-development-protocol/qualification/ssdp70/eval/stand_in_provider.py", line 148, in serve
    server = _UnixHTTPServer(unix, handler) if unix else _TcpServer((host, port), handler)
  File "/usr/lib/python3.10/socketserver.py", line 448, in __init__
    self.socket = socket.socket(self.address_family,
  File "/usr/lib/python3.10/socket.py", line 232, in __init__
    _socket.socket.__init__(self, family, type, proto, fileno)
PermissionError: [Errno 1] Operation not permitted

----------------------------------------------------------------------
Ran 1 test in 0.043s

FAILED (errors=1)
