.........................................................
----------------------------------------------------------------------
Ran 57 tests in 0.898s

OK
{
  "accounting": {
    "manifest_sha256": "7275aa5021fa783ca481c32f8220b8b1a4ecd37f14b89547dd4e26821ef9ada5",
    "purpose": "development",
    "scope_id": "development:7275aa5021fa783ca481c32f8220b8b1a4ecd37f14b89547dd4e26821ef9ada5",
    "scoring_manifest_sha256": "0f50b6567d8ba50fb96bb49619075c40bfee5e2d788d147431bf0cf5be42181a"
  },
  "run_identity_sha256": "30c750f36175078a8d12ddaac84842de1447611348578fa435549711f4cc086a",
  "arm": "p70",
  "evidence_state": "COMPLETE_ADMISSIBLE",
  "criteria": {
    "harness/admissibility": "PASS",
    "deterministic activation": "NOT_EVALUATED"
  },
  "qualification_outcome": "PASS",
  "resource_observation": {
    "accounting": null,
    "exact": true,
    "mechanism": null,
    "owner_floor_exact": true,
    "owner_read_reason": null,
    "reason": null,
    "unresolved_process_events": []
  },
  "original_dispositions": [
    {
      "item": "i1",
      "measure": "critical",
      "result": "pass",
      "critical": true,
      "evidence": "complete evidence"
    }
  ],
  "dispositions": [
    {
      "item": "i1",
      "measure": "critical",
      "result": "pass",
      "critical": true,
      "evidence": "complete evidence"
    }
  ],
  "assessment_status": "VALID",
  "assessment_identity_sha256": "9b497d54565407327121d98fbd8cda419eacf9699e467fc54c28c6c833ef312a",
  "episode": "E1",
  "r2_point_index": null,
  "owner_false_activation": null,
  "notes": ""
}
{
  "accounting": {
    "manifest_sha256": "7275aa5021fa783ca481c32f8220b8b1a4ecd37f14b89547dd4e26821ef9ada5",
    "purpose": "development",
    "scope_id": "development:7275aa5021fa783ca481c32f8220b8b1a4ecd37f14b89547dd4e26821ef9ada5",
    "scoring_manifest_sha256": "0f50b6567d8ba50fb96bb49619075c40bfee5e2d788d147431bf0cf5be42181a"
  },
  "run_identity_sha256": "30c750f36175078a8d12ddaac84842de1447611348578fa435549711f4cc086a",
  "criteria": {
    "harness/admissibility": "PASS",
    "deterministic activation": "NOT_EVALUATED"
  },
  "assessment_status": "INADMISSIBLE",
  "evidence_state": "INADMISSIBLE",
  "qualification_outcome": "NOT_EVALUATED",
  "assessment_identity_sha256": "093cf6ac596e6fb1fd9975ca353f0f75fca1676c1432f018963679770679e31b",
  "errors": [
    "runtime-observed provider/runtime version does not match frozen execution profile"
  ],
  "raw_result": "{\"episode\": \"E1\", \"dispositions\": [{\"item\": \"i1\", \"measure\": \"critical\", \"result\": \"pass\", \"critical\": true, \"evidence\": \"complete evidence\"}], \"r2_point_index\": null, \"owner_false_activation\": null, \"notes\": \"\"}"
}
