M1 single long line positive KILLED ['FAIL: test_w_distinct_line_quantum_error_status_prefixes_and_chunks']
M2 error-status excluded from owner supply KILLED ['FAIL: test_w_distinct_line_quantum_error_status_prefixes_and_chunks']
M3 provably-post-R2 off by one (start<boundary) KILLED ['FAIL: test_l_m_o_p_q_t_w_y_decisions_and_positive_exception']
M4 no-earlier-request not conservative PATTERN-NOT-FOUND
M5 taint not persistent KILLED ['FAIL: test_p_divergence_taints_every_later_bracket_not_only_the_adjacent_one']
M6 owner_floor_exact ignores timing KILLED ['FAIL: test_owner_open_without_any_request_record_is_timing_loss_for_the_floor', 'FAIL: test_o_r_x_trace_order_windows_late_drain_background_and_fallback', 'FAIL: test_p_q_clock_divergence_gap_and_width_never_hide_supply']
M7 mutation flags tolerated KILLED ['FAIL: test_ledger_loss_overflow_and_absence_are_inexact', 'FAIL: test_ledger_loss_overflow_and_absence_are_inexact', 'FAIL: test_ledger_loss_overflow_and_absence_are_inexact', 'FAIL: test_ledger_loss_overflow_and_absence_are_inexact']
M8 path-linkage always true KILLED ['FAIL: test_s_unpositioned_later_request_bounds_nothing_so_an_honest_text_final_turn_stays_explained', 'FAIL: test_s_unpositioned_or_absent_earlier_request_starts_at_the_trace_start_and_the_end_is_still_bounded', 'FAIL: test_s_whole_file_shown_outside_the_candidate_window_does_not_explain_the_open', 'FAIL: test_s_window_ends_before_the_first_event_of_the_next_request']
M9 whole-file-in-window ignores window KILLED ['FAIL: test_s_unpositioned_later_request_bounds_nothing_so_an_honest_text_final_turn_stays_explained', 'FAIL: test_s_unpositioned_or_absent_earlier_request_starts_at_the_trace_start_and_the_end_is_still_bounded', 'FAIL: test_s_whole_file_shown_outside_the_candidate_window_does_not_explain_the_open', 'FAIL: test_s_window_ends_before_the_first_event_of_the_next_request']
M10 pre uses upper edge KILLED ['FAIL: test_skew_moves_a_non_entrypoint_open_only_to_the_stricter_class', 'FAIL: test_skew_moves_a_non_entrypoint_open_only_to_the_stricter_class', 'FAIL: test_skew_moves_a_non_entrypoint_open_only_to_the_stricter_class']
M11 positive FAIL requires exactness KILLED ['FAIL: test_l_m_o_p_q_t_w_y_decisions_and_positive_exception', 'FAIL: test_native_owner_read_below_the_quantum_is_a_positive_and_scores_fail_before_r2']
M12 hi uses position not position-1 PATTERN-NOT-FOUND
M13 request monotonicity unchecked KILLED ['FAIL: test_x_decreasing_request_stamps_are_timing_loss_even_when_consistent_with_the_baseline']
M14 owner line floor strict KILLED ['FAIL: test_owner_line_floor_is_inclusive_at_exactly_the_floor']
M16 owner copy by substring KILLED ['FAIL: test_k_ledger_and_adapter_agree_on_every_native_owner_read_target_form', 'FAIL: test_k_basename_is_the_only_copy_rule']
M17 owner_floor_exact ignores global reasons KILLED ['FAIL: test_unrelated_unexplained_file_leaves_the_owner_question_exact', 'FAIL: test_unrelated_unexplained_file_leaves_the_owner_question_exact', 'FAIL: test_unrelated_unexplained_file_leaves_the_owner_question_exact']
M18 owner lines counted per occurrence KILLED ['FAIL: test_w_distinct_line_quantum_error_status_prefixes_and_chunks']
M19 minor exposure ignored by floor KILLED ['FAIL: test_l_m_o_p_q_t_w_y_decisions_and_positive_exception']
M20 unknown candidate=0 (swap) KILLED ['FAIL: test_v_majority_unknown_candidate_or_comparator_never_manufactures_pass']
M21 positive FAIL needs adjudication removed->no KILLED ['FAIL: test_l_m_o_p_q_t_w_y_decisions_and_positive_exception']
M22 replacement ignores FAIL bar PATTERN-NOT-FOUND
M23 cap off KILLED ['FAIL: test_v_cap_disallows_third_independent_rerun_and_reuse_of_one_identity']
M24 error-status results seen KILLED ['FAIL: test_results_not_shown_to_the_model_are_never_owner_evidence']
M25 request stamp missing not loss KILLED ['FAIL: test_owner_open_without_any_request_record_is_timing_loss_for_the_floor']
M26 bracket lower uses after KILLED ['FAIL: test_p_x_lower_edge_precedes_the_earlier_write_and_upper_edge_follows_the_later_write_with_tolerance']
M27 tolerance not applied to upper KILLED ['FAIL: test_p_x_lower_edge_precedes_the_earlier_write_and_upper_edge_follows_the_later_write_with_tolerance']
M28 premise verify_report ignores state KILLED ['FAIL: test_z_qualification_needs_the_accepted_digest_and_verify_report_checks_state_and_digest']
M29 premise qualification digest unchecked KILLED ['FAIL: test_z_qualification_needs_the_accepted_digest_and_verify_report_checks_state_and_digest']
M30 premise hardlink unchecked KILLED ['FAIL: test_z_hard_link_between_non_owner_package_files_fails_with_no_owner_content']
M31 premise unlisted mount tolerated KILLED ['FAIL: test_z_mount_from_an_unlisted_source_is_unresolved_not_pass']
M32 premise owner-line collision unchecked in sources KILLED ['FAIL: test_z_scan_is_not_reused_across_floors_or_owner_names_and_segments_like_the_accounting', 'FAIL: test_z_single_embedded_owner_line_in_a_non_identical_source_fails']
M33 watcher overflow detection removed KILLED ['FAIL: test_u_subject_volume_overflow_is_recorded_by_the_real_watcher_and_makes_account_inexact']
M34 watcher final heartbeat removed KILLED ['FAIL: test_p_r_u_x_two_directories_intervals_bound_and_bracket_ends']
M35 check digest of accepted witness unchecked in check() KILLED ['FAIL: test_z_qualification_needs_the_accepted_digest_and_verify_report_checks_state_and_digest']
M36 aggregate ignores byte slots KILLED ['FAIL: test_m36_replacement_byte_summary_resolves_fixed_cost_only_through_the_byte_slot']
M37 aggregate ignores owner-slot override KILLED ['FAIL: test_m37_t7_owner_floor_only_replacement_decides_the_owner_floor_but_not_the_burden_slot']
M38 disparity bound ignored KILLED ['FAIL: test_m38_frozen_disparity_bound_makes_every_byte_comparison_unresolved']
M39 per-case cap counts only scored KILLED ['FAIL: test_v_cap_disallows_third_independent_rerun_and_reuse_of_one_identity']
M40 observation_adjudicated ignores owner adjudication KILLED ['FAIL: test_observation_adjudicated_needs_every_independent_attestation']
M41 unknown requires exact False only (None treated known) KILLED ['FAIL: test_v_majority_unknown_candidate_or_comparator_never_manufactures_pass', 'FAIL: test_v_unknown_minority_at_seven_is_adversarial_interval_not_lower_bound', 'FAIL: test_v_unknown_original_triggers_pair_addition_at_three_and_five']
M42 owner_floor_state ignores owner_open_windows KILLED ['FAIL: test_l_m_o_p_q_t_w_y_decisions_and_positive_exception']
M43 owner_floor_state ignores exact KILLED ['FAIL: test_l_m_o_p_q_t_w_y_decisions_and_positive_exception']
M44 recompute doesnt compare SURVIVED []
M45 supply requires status result only for owner (errors skipped via status) KILLED ['FAIL: test_w_distinct_line_quantum_error_status_prefixes_and_chunks']
M46 native owner read not positive KILLED ['FAIL: test_k_ledger_and_adapter_agree_on_every_native_owner_read_target_form', 'FAIL: test_native_owner_read_below_the_quantum_is_a_positive_and_scores_fail_before_r2']
M47 route (ii) mount-less prefix boundary KILLED ['FAIL: test_path_prefix_is_a_boundary_not_a_substring']
